HI-TECH Software C Compiler 

Linker command line:

--edf=C:\Program Files\HI-TECH Software\PICC\9.71a\dat\en_msgs.txt -cs \
  -h+encoder.sym -z -Q16F877A -ol.obj -Mencoder.map -E1 -ACONST=00h-0FFhx32 \
  -ACODE=00h-07FFhx4 -ASTRCODE=00h-01FFFh -AENTRY=00h-0FFhx32 \
  -ASTRING=00h-0FFhx32 -ABANK0=020h-06Fh -ABANK1=0A0h-0EFh \
  -ABANK2=0110h-016Fh -ABANK3=0190h-01EFh \
  -ARAM=020h-06Fh,0A0h-0EFh,0110h-016Fh,0190h-01EFh \
  -AABS1=020h-07Fh,0A0h-0EFh,0110h-016Fh,0190h-01EFh -ACOMMON=070h-07Fh \
  -ASFR0=00h-01Fh -ASFR1=080h-09Fh -ASFR2=0100h-010Fh -ASFR3=0180h-018Fh \
  -preset_vec=00h,intentry=04h,init,end_init -ppowerup=CODE -pfunctab=CODE \
  -ACONFIG=02007h-02007h -pconfig=CONFIG -DCONFIG=2 -AIDLOC=02000h-02003h \
  -pidloc=IDLOC -DIDLOC=2 -AEEDATA=00h-0FFh/02100h -peeprom_data=EEDATA \
  -DEEDATA=2 -DCODE=2 -DSTRCODE=2 -DSTRING=2 -DCONST=2 -DENTRY=2 -k \
  startup.obj encoder.obj 

Object code version is 3.10

Machine type is 16F877A



                Name                               Link     Load   Length Selector   Space Scale
startup.obj     end_init                              C        C        3        8       0
                reset_vec                             0        0        3        0       0
encoder.obj     intentry                              4        4        8        8       0
                config                             2007     2007        1     400E       0
                text62                               B6       B6       13       5A       0
                text60                               9C       9C       1A       5A       0
                maintext                             2D       2D       6F       5A       0
                cstackCOMMON                         70       70        8       70       1
                bssCOMMON                            78       78        1       70       1
                cinit                                C9       C9        5       5A       0
                strings                               F        F       1E       1E       0

TOTAL           Name                               Link     Load   Length     Space
        CLASS   CONST          

        CLASS   CODE           
                end_init                              C        C        3         0
                intentry                              4        4        8         0
                reset_vec                             0        0        3         0
                text62                               B6       B6       13         0
                text60                               9C       9C       1A         0
                maintext                             2D       2D       6F         0
                cinit                                C9       C9        5         0

        CLASS   STRCODE        

        CLASS   ENTRY          

        CLASS   STRING         
                strings                               F        F       1E         0

        CLASS   BANK0          

        CLASS   BANK1          

        CLASS   BANK2          

        CLASS   BANK3          

        CLASS   RAM            

        CLASS   ABS1           
                abs_s1                               7E       7E        2         1

        CLASS   COMMON         
                cstackCOMMON                         70       70        8         1
                bssCOMMON                            78       78        1         1

        CLASS   SFR0           

        CLASS   SFR1           

        CLASS   SFR2           

        CLASS   SFR3           

        CLASS   CONFIG         
                config                             2007     2007        1         0

        CLASS   IDLOC          

        CLASS   EEDATA         



SEGMENTS        Name                           Load    Length   Top    Selector   Space  Class     Delta

                reset_vec                      000000  000003  000003         0       0  CODE        2
                intentry                       000004  00000B  00000F         8       0  CODE        2
                strings                        00000F  00001E  00002D        1E       0  STRING      2
                maintext                       00002D  0000A1  0000CE        5A       0  CODE        2
                cstackCOMMON                   000070  000009  000079        70       1  COMMON      1
                config                         002007  000001  002008      400E       0  CONFIG      2


UNUSED ADDRESS RANGES

        Name                Unused          Largest block    Delta
        BANK0            0020-006F             50           1
        BANK1            00A0-00EF             50           1
        BANK2            0110-016F             60           1
        BANK3            0190-01EF             60           1
        CODE             0003-0003              1           2
                         00CE-1FFF            800
        COMMON           0079-007D              5           1
        CONST            0003-0003              1           2
                         00CE-1FFF            100
        EEDATA           2100-21FF            100           2
        ENTRY            0003-0003              1           2
                         00CE-1FFF            100
        IDLOC            2000-2003              4           2
        RAM              0020-006F             50           1
                         00A0-00EF             50
                         0110-016F             60
                         0190-01EF             60
        SFR0             0000-001F             20           1
        SFR1             0080-009F             20           1
        SFR2             0100-010F             10           1
        SFR3             0180-018F             10           1
        STRCODE          0003-0003              1           2
                         00CE-1FFF           1F32
        STRING           0003-0003              1           2
                         00CE-1FFF            100

                                  Symbol Table

??_isr                cstackCOMMON 0070
??_main               cstackCOMMON 0075
??_printf             cstackCOMMON 0073
??_putch              cstackCOMMON 0072
?_isr                 cstackCOMMON 0070
?_main                cstackCOMMON 0070
?_printf              cstackCOMMON 0070
?_putch               cstackCOMMON 0070
_EncData              bssCOMMON    0078
_GIE                  (abs)        005F
_OPTION               (abs)        0081
_PORTB                (abs)        0006
_RCSTA                (abs)        0018
_SPBRG                (abs)        0099
_T0IE                 (abs)        005D
_T0IF                 (abs)        005A
_TMR0                 (abs)        0001
_TRISB1               (abs)        0431
_TRISB2               (abs)        0432
_TRISB5               (abs)        0435
_TRISC6               (abs)        043E
_TRISC7               (abs)        043F
_TXIF                 (abs)        0064
_TXREG                (abs)        0019
_TXSTA                (abs)        0098
__Habs1               abs1         0000
__Hbank0              bank0        0000
__Hbank1              bank1        0000
__Hbank2              bank2        0000
__Hbank3              bank3        0000
__HbssCOMMON          bssCOMMON    0000
__Hcinit              cinit        0000
__Hclrtext            clrtext      0000
__Hcode               code         0000
__Hcommon             common       0000
__Hconfig             config       2008
__HcstackCOMMON       cstackCOMMON 0000
__Heeprom_data        eeprom_data  0000
__Hend_init           end_init     000F
__Hfunctab            functab      0000
__Hidloc              idloc        0000
__Hinit               init         000C
__Hintentry           intentry     000C
__Hmaintext           maintext     0000
__Hpa_nodes           pa_nodes     0000
__Hpowerup            powerup      0000
__Hram                ram          0000
__Hreset_vec          reset_vec    0003
__Hsfr0               sfr0         0000
__Hsfr1               sfr1         0000
__Hsfr2               sfr2         0000
__Hsfr3               sfr3         0000
__Hstrings            strings      0000
__Htext               text         0000
__Labs1               abs1         0000
__Lbank0              bank0        0000
__Lbank1              bank1        0000
__Lbank2              bank2        0000
__Lbank3              bank3        0000
__LbssCOMMON          bssCOMMON    0000
__Lcinit              cinit        0000
__Lclrtext            clrtext      0000
__Lcode               code         0000
__Lcommon             common       0000
__Lconfig             config       2007
__LcstackCOMMON       cstackCOMMON 0000
__Leeprom_data        eeprom_data  0000
__Lend_init           end_init     000C
__Lfunctab            functab      0000
__Lidloc              idloc        0000
__Linit               init         000C
__Lintentry           intentry     0004
__Lmaintext           maintext     0000
__Lpa_nodes           pa_nodes     0000
__Lpowerup            powerup      0000
__Lram                ram          0000
__Lreset_vec          reset_vec    0000
__Lsfr0               sfr0         0000
__Lsfr1               sfr1         0000
__Lsfr2               sfr2         0000
__Lsfr3               sfr3         0000
__Lstrings            strings      0000
__Ltext               text         0000
__S0                  (abs)        2008
__S1                  (abs)        0079
__S2                  (abs)        0000
__end_of_isr          text62       00C9
__end_of_main         maintext     009C
__end_of_printf       text60       00AE
__end_of_putch        text60       00B6
__pbssCOMMON          bssCOMMON    0078
__pcstackCOMMON       cstackCOMMON 0070
__pintentry           intentry     0004
__pmaintext           maintext     002D
__pstrings            strings      000F
__ptext59             text59       0000
__ptext60             text60       009C
__ptext61             text60       00AE
__ptext62             text62       00B6
__ptext63             text63       0000
__size_of_isr         (abs)        0000
__size_of_main        (abs)        0000
__size_of_printf      (abs)        0000
__size_of_putch       (abs)        0000
_exit                 init         000C
_isr                  text62       00B6
_main                 maintext     002D
_printf               text60       009C
_putch                text60       00AE
btemp                 (abs)        007E
end_of_initialization cinit        00CA
i1l1541                                
i1l1545                                
i1l1547                                
i1l1549                                
i1l1551                                
interrupt_function    intentry     0004
intlevel0             functab      0000
intlevel1             functab      0000
intlevel2             functab      0000
intlevel3             functab      0000
intlevel4             functab      0000
intlevel5             functab      0000
l1149                                  
l1168                                  
l1553                                  
l1557                                  
l1563                                  
l1565                                  
l1567                                  
l1569                                  
l1571                                  
l1573                                  
l1575                                  
l1577                                  
l1579                                  
l1581                                  
l1583                                  
l1585                                  
l1587                                  
l1595                                  
l1597                                  
l1603                                  
l1609                                  
l1621                                  
l1633                                  
l1649                                  
l1655                                  
main@OldEncData       cstackCOMMON 0075
main@downcount        cstackCOMMON 0077
main@upcount          cstackCOMMON 0076
printf@c              cstackCOMMON 0074
printf@f              cstackCOMMON 0073
putch@byte            cstackCOMMON 0072
reset_vec             reset_vec    0000
saved_w               (abs)        007E
start                 init         000C
start_initialization  cinit        00C9
wtemp0                (abs)        007E
